[debug] [2026-08-16T14:47:41.638Z] ----------------------------------------------------------------------
[debug] [2026-08-16T14:47:41.639Z] Command:       /opt/homebrew/Cellar/node/25.9.0_2/bin/node /opt/homebrew/bin/firebase init hosting --project 
[debug] [2026-08-16T14:47:41.639Z] CLI Version:   15.15.0
[debug] [2026-08-16T14:47:41.639Z] Platform:      darwin
[debug] [2026-08-16T14:47:41.639Z] Node Version:  v25.9.0
[debug] [2026-08-16T14:47:41.639Z] Time:          Sun Aug 16 2026 20:17:41 GMT+0530 (India Standard Time)
[debug] [2026-08-16T14:47:41.639Z] ----------------------------------------------------------------------
[debug] 
[info] 
     ######## #### ########  ######## ########     ###     ######  ########
     ##        ##  ##     ## ##       ##     ##  ##   ##  ##       ##
     ######    ##  ########  ######   ########  #########  ######  ######
     ##        ##  ##    ##  ##       ##     ## ##     ##       ## ##
     ##       #### ##     ## ######## ########  ##     ##  ######  ########

You're about to initialize a Firebase project in this directory:

  /Users/farook/Documents/others/webrtc/HelixRTC

[info] 
=== Project Setup
[info] 
[info] First, let's associate this project directory with a Firebase project.
[info] You can create multiple project aliases by running firebase use --add, 
[info] 
[debug] [2026-08-16T14:47:44.117Z] > command requires scopes: ["email","openid","https://www.googleapis.com/auth/cloudplatformprojects.readonly","https://www.googleapis.com/auth/firebase","https://www.googleapis.com/auth/cloud-platform"]
[debug] [2026-08-16T14:47:44.118Z] > authorizing via signed-in user (farookyj10@gmail.com)
[debug] [2026-08-16T14:47:44.119Z] Checked if tokens are valid: true, expires at: 1786895217620
[debug] [2026-08-16T14:47:44.119Z] Checked if tokens are valid: true, expires at: 1786895217620
[debug] [2026-08-16T14:47:44.120Z] >>> [apiv2][query] GET https://firebase.googleapis.com/v1beta1/projects pageSize=100
[debug] [2026-08-16T14:47:45.097Z] <<< [apiv2][status] GET https://firebase.googleapis.com/v1beta1/projects 200
[debug] [2026-08-16T14:47:45.098Z] <<< [apiv2][body] GET https://firebase.googleapis.com/v1beta1/projects [omitted]
[info] 
=== Hosting Setup
[debug] [2026-08-16T14:47:53.525Z] Checked if tokens are valid: true, expires at: 1786895217620
[debug] [2026-08-16T14:47:53.525Z] Checked if tokens are valid: true, expires at: 1786895217620
[debug] [2026-08-16T14:47:53.525Z] >>> [apiv2][query] GET https://firebase.googleapis.com/v1beta1/projects/robigo-user [none]
[debug] [2026-08-16T14:47:54.188Z] <<< [apiv2][status] GET https://firebase.googleapis.com/v1beta1/projects/robigo-user 200
[debug] [2026-08-16T14:47:54.188Z] <<< [apiv2][body] GET https://firebase.googleapis.com/v1beta1/projects/robigo-user {"projectId":"robigo-user","projectNumber":"471730785777","displayName":"robigo user","name":"projects/robigo-user","resources":{"hostingSite":"robigo-user"},"state":"ACTIVE","labels":{"firebase":"enabled"},"etag":"1_361bfcb6-8877-47ef-a4cc-24f2064c0d4d"}
[info] 
[info] Your public directory is the folder (relative to your project directory) that
[info] will contain Hosting assets to be uploaded with firebase deploy. If you
[info] have a build process for your assets, use your build's output directory.
[info] 
[debug] [2026-08-16T14:48:10.779Z] ExitPromptError: User force closed the prompt with SIGINT
    at Interface.sigint (/opt/homebrew/lib/node_modules/firebase-tools/node_modules/@inquirer/core/dist/commonjs/lib/create-prompt.js:101:37)
    at Interface.emit (node:events:509:20)
    at [_ttyWrite] [as _ttyWrite] (node:internal/readline/interface:1327:18)
    at ReadStream.onkeypress (node:internal/readline/interface:284:20)
    at ReadStream.emit (node:events:521:24)
    at emitKeys (node:internal/readline/utils:371:14)
    at emitKeys.next (<anonymous>)
    at ReadStream.onData (node:internal/readline/emitKeypressEvents:64:36)
    at ReadStream.emit (node:events:509:20)
    at addChunk (node:internal/streams/readable:564:12)
[error] 
[error] Error: An unexpected error has occurred.
[debug] [2026-08-19T07:11:29.719Z] ----------------------------------------------------------------------
[debug] [2026-08-19T07:11:29.721Z] Command:       /opt/homebrew/Cellar/node/25.9.0_2/bin/node /opt/homebrew/bin/firebase init hosting
[debug] [2026-08-19T07:11:29.721Z] CLI Version:   15.15.0
[debug] [2026-08-19T07:11:29.721Z] Platform:      darwin
[debug] [2026-08-19T07:11:29.721Z] Node Version:  v25.9.0
[debug] [2026-08-19T07:11:29.721Z] Time:          Wed Aug 19 2026 12:41:29 GMT+0530 (India Standard Time)
[debug] [2026-08-19T07:11:29.721Z] ----------------------------------------------------------------------
[debug] 
[debug] [2026-08-19T07:11:29.722Z] >>> [apiv2][query] GET https://firebase-public.firebaseio.com/cli.json [none]
[info] 
     ######## #### ########  ######## ########     ###     ######  ########
     ##        ##  ##     ## ##       ##     ##  ##   ##  ##       ##
     ######    ##  ########  ######   ########  #########  ######  ######
     ##        ##  ##    ##  ##       ##     ## ##     ##       ## ##
     ##       #### ##     ## ######## ########  ##     ##  ######  ########

You're about to initialize a Firebase project in this directory:

  /Users/farook/Documents/others/webrtc/HelixRTC

[info] 
=== Project Setup
[info] 
[info] First, let's associate this project directory with a Firebase project.
[info] You can create multiple project aliases by running firebase use --add, 
[info] 
[debug] [2026-08-19T07:11:30.332Z] > command requires scopes: ["email","openid","https://www.googleapis.com/auth/cloudplatformprojects.readonly","https://www.googleapis.com/auth/firebase","https://www.googleapis.com/auth/cloud-platform"]
[debug] [2026-08-19T07:11:30.332Z] > authorizing via signed-in user (farookyj10@gmail.com)
[debug] [2026-08-19T07:11:30.332Z] Checked if tokens are valid: false, expires at: 1786895217620
[debug] [2026-08-19T07:11:30.332Z] Checked if tokens are valid: false, expires at: 1786895217620
[debug] [2026-08-19T07:11:30.332Z] > refreshing access token with scopes: []
[debug] [2026-08-19T07:11:30.332Z] >>> [apiv2][query] POST https://www.googleapis.com/oauth2/v3/token [none]
[debug] [2026-08-19T07:11:30.332Z] >>> [apiv2][body] POST https://www.googleapis.com/oauth2/v3/token [omitted]
[debug] [2026-08-19T07:11:30.570Z] <<< [apiv2][status] POST https://www.googleapis.com/oauth2/v3/token 200
[debug] [2026-08-19T07:11:30.570Z] <<< [apiv2][body] POST https://www.googleapis.com/oauth2/v3/token [omitted]
[debug] [2026-08-19T07:11:30.582Z] >>> [apiv2][query] GET https://firebase.googleapis.com/v1beta1/projects/robigo-user [none]
[debug] [2026-08-19T07:11:31.114Z] <<< [apiv2][status] GET https://firebase-public.firebaseio.com/cli.json 200
[debug] [2026-08-19T07:11:31.114Z] <<< [apiv2][body] GET https://firebase-public.firebaseio.com/cli.json {"cloudBuildErrorAfter":1594252800000,"cloudBuildWarnAfter":1590019200000,"defaultNode10After":1594252800000,"minVersion":"3.0.5","node8DeploysDisabledAfter":1613390400000,"node8RuntimeDisabledAfter":1615809600000,"node8WarnAfter":1600128000000}
[debug] [2026-08-19T07:11:31.301Z] <<< [apiv2][status] GET https://firebase.googleapis.com/v1beta1/projects/robigo-user 200
[debug] [2026-08-19T07:11:31.301Z] <<< [apiv2][body] GET https://firebase.googleapis.com/v1beta1/projects/robigo-user {"projectId":"robigo-user","projectNumber":"471730785777","displayName":"robigo user","name":"projects/robigo-user","resources":{"hostingSite":"robigo-user"},"state":"DELETED","labels":{"firebase":"enabled"},"etag":"1_e1869edf-aee0-48ff-a669-d5ad9bd74679"}
[info] i  Using project robigo-user (robigo user) . 
[info] 
=== Hosting Setup
[debug] [2026-08-19T07:11:31.308Z] Checked if tokens are valid: true, expires at: 1787127089571
[debug] [2026-08-19T07:11:31.308Z] Checked if tokens are valid: true, expires at: 1787127089571
[debug] [2026-08-19T07:11:31.309Z] >>> [apiv2][query] GET https://firebase.googleapis.com/v1beta1/projects/robigo-user [none]
[debug] [2026-08-19T07:11:31.681Z] <<< [apiv2][status] GET https://firebase.googleapis.com/v1beta1/projects/robigo-user 200
[debug] [2026-08-19T07:11:31.681Z] <<< [apiv2][body] GET https://firebase.googleapis.com/v1beta1/projects/robigo-user {"projectId":"robigo-user","projectNumber":"471730785777","displayName":"robigo user","name":"projects/robigo-user","resources":{"hostingSite":"robigo-user"},"state":"DELETED","labels":{"firebase":"enabled"},"etag":"1_e1869edf-aee0-48ff-a669-d5ad9bd74679"}
[info] 
[info] Your public directory is the folder (relative to your project directory) that
[info] will contain Hosting assets to be uploaded with firebase deploy. If you
[info] have a build process for your assets, use your build's output directory.
[info] 
[debug] [2026-08-19T07:12:09.982Z] ExitPromptError: User force closed the prompt with SIGINT
    at Interface.sigint (/opt/homebrew/lib/node_modules/firebase-tools/node_modules/@inquirer/core/dist/commonjs/lib/create-prompt.js:101:37)
    at Interface.emit (node:events:509:20)
    at [_ttyWrite] [as _ttyWrite] (node:internal/readline/interface:1327:18)
    at ReadStream.onkeypress (node:internal/readline/interface:284:20)
    at ReadStream.emit (node:events:521:24)
    at emitKeys (node:internal/readline/utils:371:14)
    at emitKeys.next (<anonymous>)
    at ReadStream.onData (node:internal/readline/emitKeypressEvents:64:36)
    at ReadStream.emit (node:events:509:20)
    at addChunk (node:internal/streams/readable:564:12)
[error] 
[error] Error: An unexpected error has occurred.
